this is a svn test log
